Archive member included to satisfy reference by file (symbol)

C:/ST/STM32CubeCLT_1.16.0/GNU-tools-for-STM32/bin/../lib/gcc/arm-none-eabi/12.3.1/../../../../arm-none-eabi/lib/thumb/v7e-m+fp/hard\libc_nano.a(libc_a-exit.o)
                              C:/ST/STM32CubeCLT_1.16.0/GNU-tools-for-STM32/bin/../lib/gcc/arm-none-eabi/12.3.1/../../../../arm-none-eabi/lib/thumb/v7e-m+fp/hard/crt0.o (exit)
C:/ST/STM32CubeCLT_1.16.0/GNU-tools-for-STM32/bin/../lib/gcc/arm-none-eabi/12.3.1/../../../../arm-none-eabi/lib/thumb/v7e-m+fp/hard\libc_nano.a(libc_a-findfp.o)
                              C:/ST/STM32CubeCLT_1.16.0/GNU-tools-for-STM32/bin/../lib/gcc/arm-none-eabi/12.3.1/../../../../arm-none-eabi/lib/thumb/v7e-m+fp/hard\libc_nano.a(libc_a-exit.o) (__stdio_exit_handler)
C:/ST/STM32CubeCLT_1.16.0/GNU-tools-for-STM32/bin/../lib/gcc/arm-none-eabi/12.3.1/../../../../arm-none-eabi/lib/thumb/v7e-m+fp/hard\libc_nano.a(libc_a-fwalk.o)
                              C:/ST/STM32CubeCLT_1.16.0/GNU-tools-for-STM32/bin/../lib/gcc/arm-none-eabi/12.3.1/../../../../arm-none-eabi/lib/thumb/v7e-m+fp/hard\libc_nano.a(libc_a-findfp.o) (_fwalk_sglue)
C:/ST/STM32CubeCLT_1.16.0/GNU-tools-for-STM32/bin/../lib/gcc/arm-none-eabi/12.3.1/../../../../arm-none-eabi/lib/thumb/v7e-m+fp/hard\libc_nano.a(libc_a-stdio.o)
                              C:/ST/STM32CubeCLT_1.16.0/GNU-tools-for-STM32/bin/../lib/gcc/arm-none-eabi/12.3.1/../../../../arm-none-eabi/lib/thumb/v7e-m+fp/hard\libc_nano.a(libc_a-findfp.o) (__sread)
C:/ST/STM32CubeCLT_1.16.0/GNU-tools-for-STM32/bin/../lib/gcc/arm-none-eabi/12.3.1/../../../../arm-none-eabi/lib/thumb/v7e-m+fp/hard\libc_nano.a(libc_a-memset.o)
                              C:/ST/STM32CubeCLT_1.16.0/GNU-tools-for-STM32/bin/../lib/gcc/arm-none-eabi/12.3.1/../../../../arm-none-eabi/lib/thumb/v7e-m+fp/hard/crt0.o (memset)
C:/ST/STM32CubeCLT_1.16.0/GNU-tools-for-STM32/bin/../lib/gcc/arm-none-eabi/12.3.1/../../../../arm-none-eabi/lib/thumb/v7e-m+fp/hard\libc_nano.a(libc_a-closer.o)
                              C:/ST/STM32CubeCLT_1.16.0/GNU-tools-for-STM32/bin/../lib/gcc/arm-none-eabi/12.3.1/../../../../arm-none-eabi/lib/thumb/v7e-m+fp/hard\libc_nano.a(libc_a-stdio.o) (_close_r)
C:/ST/STM32CubeCLT_1.16.0/GNU-tools-for-STM32/bin/../lib/gcc/arm-none-eabi/12.3.1/../../../../arm-none-eabi/lib/thumb/v7e-m+fp/hard\libc_nano.a(libc_a-reent.o)
                              C:/ST/STM32CubeCLT_1.16.0/GNU-tools-for-STM32/bin/../lib/gcc/arm-none-eabi/12.3.1/../../../../arm-none-eabi/lib/thumb/v7e-m+fp/hard\libc_nano.a(libc_a-closer.o) (errno)
C:/ST/STM32CubeCLT_1.16.0/GNU-tools-for-STM32/bin/../lib/gcc/arm-none-eabi/12.3.1/../../../../arm-none-eabi/lib/thumb/v7e-m+fp/hard\libc_nano.a(libc_a-impure.o)
                              C:/ST/STM32CubeCLT_1.16.0/GNU-tools-for-STM32/bin/../lib/gcc/arm-none-eabi/12.3.1/../../../../arm-none-eabi/lib/thumb/v7e-m+fp/hard\libc_nano.a(libc_a-reent.o) (_impure_ptr)
C:/ST/STM32CubeCLT_1.16.0/GNU-tools-for-STM32/bin/../lib/gcc/arm-none-eabi/12.3.1/../../../../arm-none-eabi/lib/thumb/v7e-m+fp/hard\libc_nano.a(libc_a-lseekr.o)
                              C:/ST/STM32CubeCLT_1.16.0/GNU-tools-for-STM32/bin/../lib/gcc/arm-none-eabi/12.3.1/../../../../arm-none-eabi/lib/thumb/v7e-m+fp/hard\libc_nano.a(libc_a-stdio.o) (_lseek_r)
C:/ST/STM32CubeCLT_1.16.0/GNU-tools-for-STM32/bin/../lib/gcc/arm-none-eabi/12.3.1/../../../../arm-none-eabi/lib/thumb/v7e-m+fp/hard\libc_nano.a(libc_a-readr.o)
                              C:/ST/STM32CubeCLT_1.16.0/GNU-tools-for-STM32/bin/../lib/gcc/arm-none-eabi/12.3.1/../../../../arm-none-eabi/lib/thumb/v7e-m+fp/hard\libc_nano.a(libc_a-stdio.o) (_read_r)
C:/ST/STM32CubeCLT_1.16.0/GNU-tools-for-STM32/bin/../lib/gcc/arm-none-eabi/12.3.1/../../../../arm-none-eabi/lib/thumb/v7e-m+fp/hard\libc_nano.a(libc_a-writer.o)
                              C:/ST/STM32CubeCLT_1.16.0/GNU-tools-for-STM32/bin/../lib/gcc/arm-none-eabi/12.3.1/../../../../arm-none-eabi/lib/thumb/v7e-m+fp/hard\libc_nano.a(libc_a-stdio.o) (_write_r)
C:/ST/STM32CubeCLT_1.16.0/GNU-tools-for-STM32/bin/../lib/gcc/arm-none-eabi/12.3.1/../../../../arm-none-eabi/lib/thumb/v7e-m+fp/hard\libc_nano.a(libc_a-init.o)
                              C:/ST/STM32CubeCLT_1.16.0/GNU-tools-for-STM32/bin/../lib/gcc/arm-none-eabi/12.3.1/../../../../arm-none-eabi/lib/thumb/v7e-m+fp/hard/crt0.o (__libc_init_array)
C:/ST/STM32CubeCLT_1.16.0/GNU-tools-for-STM32/bin/../lib/gcc/arm-none-eabi/12.3.1/../../../../arm-none-eabi/lib/thumb/v7e-m+fp/hard\libc_nano.a(libc_a-lock.o)
                              C:/ST/STM32CubeCLT_1.16.0/GNU-tools-for-STM32/bin/../lib/gcc/arm-none-eabi/12.3.1/../../../../arm-none-eabi/lib/thumb/v7e-m+fp/hard\libc_nano.a(libc_a-findfp.o) (__retarget_lock_init_recursive)
C:/ST/STM32CubeCLT_1.16.0/GNU-tools-for-STM32/bin/../lib/gcc/arm-none-eabi/12.3.1/../../../../arm-none-eabi/lib/thumb/v7e-m+fp/hard\libc_nano.a(libc_a-freer.o)
[...]
Memory Configuration

Name             Origin             Length             Attributes
RAM              0x20000000         0x00020000         xrw
FLASH            0x08000000         0x00080000         xr
*default*        0x00000000         0xffffffff

Linker script and memory map

LOAD C:/ST/STM32CubeCLT_1.16.0/GNU-tools-for-STM32/bin/../lib/gcc/arm-none-eabi/12.3.1/thumb/v7e-m+fp/hard/crti.o
LOAD C:/ST/STM32CubeCLT_1.16.0/GNU-tools-for-STM32/bin/../lib/gcc/arm-none-eabi/12.3.1/thumb/v7e-m+fp/hard/crtbegin.o
LOAD C:/ST/STM32CubeCLT_1.16.0/GNU-tools-for-STM32/bin/../lib/gcc/arm-none-eabi/12.3.1/../../../../arm-none-eabi/lib/thumb/v7e-m+fp/hard/crt0.o
START GROUP
LOAD C:/ST/STM32CubeCLT_1.16.0/GNU-tools-for-STM32/bin/../lib/gcc/arm-none-eabi/12.3.1/../../../../arm-none-eabi/lib/thumb/v7e-m+fp/hard\libc_nano.a
LOAD C:/ST/STM32CubeCLT_1.16.0/GNU-tools-for-STM32/bin/../lib/gcc/arm-none-eabi/12.3.1/../../../../arm-none-eabi/lib/thumb/v7e-m+fp/hard\libm.a
END GROUP
LOAD CMakeFiles/LAB07.dir/Core/Src/main.c.obj
LOAD CMakeFiles/LAB07.dir/Core/Src/stm32f4xx_it.c.obj
LOAD CMakeFiles/LAB07.dir/Core/Src/stm32f4xx_hal_msp.c.obj
LOAD CMakeFiles/LAB07.dir/Drivers/STM32F4xx_HAL_Driver/Src/stm32f4xx_hal_adc.c.obj
LOAD CMakeFiles/LAB07.dir/Drivers/STM32F4xx_HAL_Driver/Src/stm32f4xx_hal_adc_ex.c.obj
LOAD CMakeFiles/LAB07.dir/Drivers/STM32F4xx_HAL_Driver/Src/stm32f4xx_ll_adc.c.obj
LOAD CMakeFiles/LAB07.dir/Drivers/STM32F4xx_HAL_Driver/Src/stm32f4xx_hal_rcc.c.obj
LOAD CMakeFiles/LAB07.dir/Drivers/STM32F4xx_HAL_Driver/Src/stm32f4xx_hal_rcc_ex.c.obj
LOAD CMakeFiles/LAB07.dir/Drivers/STM32F4xx_HAL_Driver/Src/stm32f4xx_hal_flash.c.obj
LOAD CMakeFiles/LAB07.dir/Drivers/STM32F4xx_HAL_Driver/Src/stm32f4xx_hal_flash_ex.c.obj
LOAD CMakeFiles/LAB07.dir/Drivers/STM32F4xx_HAL_Driver/Src/stm32f4xx_hal_flash_ramfunc.c.obj
LOAD CMakeFiles/LAB07.dir/Drivers/STM32F4xx_HAL_Driver/Src/stm32f4xx_hal_gpio.c.obj
LOAD CMakeFiles/LAB07.dir/Drivers/STM32F4xx_HAL_Driver/Src/stm32f4xx_hal_dma_ex.c.obj
LOAD CMakeFiles/LAB07.dir/Drivers/STM32F4xx_HAL_Driver/Src/stm32f4xx_hal_dma.c.obj
LOAD CMakeFiles/LAB07.dir/Drivers/STM32F4xx_HAL_Driver/Src/stm32f4xx_hal_pwr.c.obj
LOAD CMakeFiles/LAB07.dir/Drivers/STM32F4xx_HAL_Driver/Src/stm32f4xx_hal_pwr_ex.c.obj
LOAD CMakeFiles/LAB07.dir/Drivers/STM32F4xx_HAL_Driver/Src/stm32f4xx_hal_cortex.c.obj
LOAD CMakeFiles/LAB07.dir/Drivers/STM32F4xx_HAL_Driver/Src/stm32f4xx_hal.c.obj
LOAD CMakeFiles/LAB07.dir/Drivers/STM32F4xx_HAL_Driver/Src/stm32f4xx_hal_exti.c.obj
LOAD CMakeFiles/LAB07.dir/Drivers/STM32F4xx_HAL_Driver/Src/stm32f4xx_hal_tim.c.obj
LOAD CMakeFiles/LAB07.dir/Drivers/STM32F4xx_HAL_Driver/Src/stm32f4xx_hal_tim_ex.c.obj
LOAD CMakeFiles/LAB07.dir/Core/Src/system_stm32f4xx.c.obj
LOAD CMakeFiles/LAB07.dir/Core/Src/sysmem.c.obj
LOAD CMakeFiles/LAB07.dir/Core/Src/syscalls.c.obj
LOAD CMakeFiles/LAB07.dir/startup_stm32f411xe.s.obj
START GROUP
LOAD C:/ST/STM32CubeCLT_1.16.0/GNU-tools-for-STM32/bin/../lib/gcc/arm-none-eabi/12.3.1/thumb/v7e-m+fp/hard\libgcc.a
LOAD C:/ST/STM32CubeCLT_1.16.0/GNU-tools-for-STM32/bin/../lib/gcc/arm-none-eabi/12.3.1/../../../../arm-none-eabi/lib/thumb/v7e-m+fp/hard\libg_nano.a
LOAD C:/ST/STM32CubeCLT_1.16.0/GNU-tools-for-STM32/bin/../lib/gcc/arm-none-eabi/12.3.1/../../../../arm-none-eabi/lib/thumb/v7e-m+fp/hard\libc_nano.a
END GROUP
START GROUP
LOAD C:/ST/STM32CubeCLT_1.16.0/GNU-tools-for-STM32/bin/../lib/gcc/arm-none-eabi/12.3.1/thumb/v7e-m+fp/hard\libgcc.a
LOAD C:/ST/STM32CubeCLT_1.16.0/GNU-tools-for-STM32/bin/../lib/gcc/arm-none-eabi/12.3.1/../../../../arm-none-eabi/lib/thumb/v7e-m+fp/hard\libc_nano.a
END GROUP
LOAD C:/ST/STM32CubeCLT_1.16.0/GNU-tools-for-STM32/bin/../lib/gcc/arm-none-eabi/12.3.1/thumb/v7e-m+fp/hard/crtend.o
LOAD C:/ST/STM32CubeCLT_1.16.0/GNU-tools-for-STM32/bin/../lib/gcc/arm-none-eabi/12.3.1/thumb/v7e-m+fp/hard/crtn.o
                0x20020000                        _estack = (ORIGIN (RAM) + LENGTH (RAM))
                0x00000200                        _Min_Heap_Size = 0x200
                0x00000400                        _Min_Stack_Size = 0x400

.isr_vector     0x08000000      0x198
                0x08000000                        . = ALIGN (0x4)
 *(.isr_vector)
 .isr_vector    0x08000000      0x198 CMakeFiles/LAB07.dir/startup_stm32f411xe.s.obj
                0x08000000                g_pfnVectors
                0x08000198                        . = ALIGN (0x4)

.text           0x08000198     0x2cf0
                0x08000198                        . = ALIGN (0x4)
 *(.text)
 .text          0x08000198       0x40 C:/ST/STM32CubeCLT_1.16.0/GNU-tools-for-STM32/bin/../lib/gcc/arm-none-eabi/12.3.1/thumb/v7e-m+fp/hard/crtbegin.o
 .text          0x080001d8       0x30 C:/ST/STM32CubeCLT_1.16.0/GNU-tools-for-STM32/bin/../lib/gcc/arm-none-eabi/12.3.1/thumb/v7e-m+fp/hard\libgcc.a(_aeabi_uldivmod.o)
                0x080001d8                __aeabi_uldivmod
 .text          0x08000208      0x2bc C:/ST/STM32CubeCLT_1.16.0/GNU-tools-for-STM32/bin/../lib/gcc/arm-none-eabi/12.3.1/thumb/v7e-m+fp/hard\libgcc.a(_udivmoddi4.o)
                0x08000208                __udivmoddi4
 .text          0x080004c4        0x4 C:/ST/STM32CubeCLT_1.16.0/GNU-tools-for-STM32/bin/../lib/gcc/arm-none-eabi/12.3.1/thumb/v7e-m+fp/hard\libgcc.a(_dvmd_tls.o)
                0x080004c4                __aeabi_idiv0
                0x080004c4                __aeabi_ldiv0
 *(.text*)
 .text.memset   0x080004c8       0x10 C:/ST/STM32CubeCLT_1.16.0/GNU-tools-for-STM32/bin/../lib/gcc/arm-none-eabi/12.3.1/../../../../arm-none-eabi/lib/thumb/v7e-m+fp/hard\libc_nano.a(libc_a-memset.o)
                0x080004c8                memset
 .text.__libc_init_array
                0x080004d8       0x48 C:/ST/STM32CubeCLT_1.16.0/GNU-tools-for-STM32/bin/../lib/gcc/arm-none-eabi/12.3.1/../../../../arm-none-eabi/lib/thumb/v7e-m+fp/hard\libc_nano.a(libc_a-init.o)
                0x080004d8                __libc_init_array
 .text.main     0x08000520       0x20 CMakeFiles/LAB07.dir/Core/Src/main.c.obj
                0x08000520                main
 .text.SystemClock_Config
                0x08000540       0xbc CMakeFiles/LAB07.dir/Core/Src/main.c.obj
                0x08000540                SystemClock_Config
 .text.MX_ADC1_Init
                0x080005fc       0xa4 CMakeFiles/LAB07.dir/Core/Src/main.c.obj
 .text.MX_TIM2_Init
                0x080006a0       0x9c CMakeFiles/LAB07.dir/Core/Src/main.c.obj
 .text.MX_DMA_Init
                0x0800073c       0x40 CMakeFiles/LAB07.dir/Core/Src/main.c.obj
 .text.MX_GPIO_Init
                0x0800077c       0xc4 CMakeFiles/LAB07.dir/Core/Src/main.c.obj
 .text.Error_Handler
                0x08000840        0xc CMakeFiles/LAB07.dir/Core/Src/main.c.obj
                0x08000840                Error_Handler
 .text.NMI_Handler
                0x0800084c        0x8 CMakeFiles/LAB07.dir/Core/Src/stm32f4xx_it.c.obj
                0x0800084c                NMI_Handler
 .text.HardFault_Handler
                0x08000854        0x8 CMakeFiles/LAB07.dir/Core/Src/stm32f4xx_it.c.obj
                0x08000854                HardFault_Handler
 .text.MemManage_Handler
                0x0800085c        0x8 CMakeFiles/LAB07.dir/Core/Src/stm32f4xx_it.c.obj
                0x0800085c                MemManage_Handler
 .text.BusFault_Handler
                0x08000864        0x8 CMakeFiles/LAB07.dir/Core/Src/stm32f4xx_it.c.obj
                0x08000864                BusFault_Handler
 .text.UsageFault_Handler
                0x0800086c        0x8 CMakeFiles/LAB07.dir/Core/Src/stm32f4xx_it.c.obj
                0x0800086c                UsageFault_Handler
 .text.SVC_Handler
                0x08000874        0xe CMakeFiles/LAB07.dir/Core/Src/stm32f4xx_it.c.obj
                0x08000874                SVC_Handler
 .text.DebugMon_Handler
                0x08000882        0xe CMakeFiles/LAB07.dir/Core/Src/stm32f4xx_it.c.obj
                0x08000882                DebugMon_Handler
 .text.PendSV_Handler
                0x08000890        0xe CMakeFiles/LAB07.dir/Core/Src/stm32f4xx_it.c.obj
                0x08000890                PendSV_Handler
 .text.SysTick_Handler
                0x0800089e        0xc CMakeFiles/LAB07.dir/Core/Src/stm32f4xx_it.c.obj
                0x0800089e                SysTick_Handler
 *fill*         0x080008aa        0x2 
 .text.ADC_IRQHandler
                0x080008ac       0x14 CMakeFiles/LAB07.dir/Core/Src/stm32f4xx_it.c.obj
                0x080008ac                ADC_IRQHandler
 .text.TIM2_IRQHandler
                0x080008c0       0x14 CMakeFiles/LAB07.dir/Core/Src/stm32f4xx_it.c.obj
                0x080008c0                TIM2_IRQHandler
 .text.DMA2_Stream0_IRQHandler
                0x080008d4       0x14 CMakeFiles/LAB07.dir/Core/Src/stm32f4xx_it.c.obj
                0x080008d4                DMA2_Stream0_IRQHandler
 .text.HAL_MspInit
                0x080008e8       0x50 CMakeFiles/LAB07.dir/Core/Src/stm32f4xx_hal_msp.c.obj
                0x080008e8                HAL_MspInit
 .text.HAL_ADC_MspInit
                0x08000938      0x100 CMakeFiles/LAB07.dir/Core/Src/stm32f4xx_hal_msp.c.obj
                0x08000938                HAL_ADC_MspInit
 .text.HAL_TIM_Base_MspInit
                0x08000a38       0x4c CMakeFiles/LAB07.dir/Core/Src/stm32f4xx_hal_msp.c.obj
                0x08000a38                HAL_TIM_Base_MspInit
 .text.HAL_ADC_Init
                0x08000a84       0x86 CMakeFiles/LAB07.dir/Drivers/STM32F4xx_HAL_Driver/Src/stm32f4xx_hal_adc.c.obj
                0x08000a84                HAL_ADC_Init
 .text.HAL_ADC_IRQHandler
                0x08000b0a      0x220 CMakeFiles/LAB07.dir/Drivers/STM32F4xx_HAL_Driver/Src/stm32f4xx_hal_adc.c.obj
                0x08000b0a                HAL_ADC_IRQHandler
 .text.HAL_ADC_ConvCpltCallback
                0x08000d2a       0x14 CMakeFiles/LAB07.dir/Drivers/STM32F4xx_HAL_Driver/Src/stm32f4xx_hal_adc.c.obj
                0x08000d2a                HAL_ADC_ConvCpltCallback
 .text.HAL_ADC_LevelOutOfWindowCallback
                0x08000d3e       0x14 CMakeFiles/LAB07.dir/Drivers/STM32F4xx_HAL_Driver/Src/stm32f4xx_hal_adc.c.obj
                0x08000d3e                HAL_ADC_LevelOutOfWindowCallback
 .text.HAL_ADC_ErrorCallback
                0x08000d52       0x14 CMakeFiles/LAB07.dir/Drivers/STM32F4xx_HAL_Driver/Src/stm32f4xx_hal_adc.c.obj
                0x08000d52                HAL_ADC_ErrorCallback
 *fill*         0x08000d66        0x2 
 .text.HAL_ADC_ConfigChannel
                0x08000d68      0x264 CMakeFiles/LAB07.dir/Drivers/STM32F4xx_HAL_Driver/Src/stm32f4xx_hal_adc.c.obj
                0x08000d68                HAL_ADC_ConfigChannel
 .text.ADC_Init
                0x08000fcc      0x1f8 CMakeFiles/LAB07.dir/Drivers/STM32F4xx_HAL_Driver/Src/stm32f4xx_hal_adc.c.obj
 .text.HAL_ADCEx_InjectedConvCpltCallback
                0x080011c4       0x14 CMakeFiles/LAB07.dir/Drivers/STM32F4xx_HAL_Driver/Src/stm32f4xx_hal_adc_ex.c.obj
                0x080011c4                HAL_ADCEx_InjectedConvCpltCallback
 .text.HAL_RCC_OscConfig
                0x080011d8      0x4f0 CMakeFiles/LAB07.dir/Drivers/STM32F4xx_HAL_Driver/Src/stm32f4xx_hal_rcc.c.obj
                0x080011d8                HAL_RCC_OscConfig
 .text.HAL_RCC_ClockConfig
                0x080016c8      0x1cc CMakeFiles/LAB07.dir/Drivers/STM32F4xx_HAL_Driver/Src/stm32f4xx_hal_rcc.c.obj
                0x080016c8                HAL_RCC_ClockConfig
 .text.HAL_RCC_GetSysClockFreq
                0x08001894      0x18c CMakeFiles/LAB07.dir/Drivers/STM32F4xx_HAL_Driver/Src/stm32f4xx_hal_rcc.c.obj
                0x08001894                HAL_RCC_GetSysClockFreq
 .text.HAL_GPIO_Init
                0x08001a20      0x308 CMakeFiles/LAB07.dir/Drivers/STM32F4xx_HAL_Driver/Src/stm32f4xx_hal_gpio.c.obj
                0x08001a20                HAL_GPIO_Init
 .text.HAL_GPIO_WritePin
                0x08001d28       0x32 CMakeFiles/LAB07.dir/Drivers/STM32F4xx_HAL_Driver/Src/stm32f4xx_hal_gpio.c.obj
                0x08001d28                HAL_GPIO_WritePin
 *fill*         0x08001d5a        0x2 
 .text.HAL_DMA_Init
                0x08001d5c      0x15c CMakeFiles/LAB07.dir/Drivers/STM32F4xx_HAL_Driver/Src/stm32f4xx_hal_dma.c.obj
                0x08001d5c                HAL_DMA_Init
 .text.HAL_DMA_IRQHandler
                0x08001eb8      0x314 CMakeFiles/LAB07.dir/Drivers/STM32F4xx_HAL_Driver/Src/stm32f4xx_hal_dma.c.obj
                0x08001eb8                HAL_DMA_IRQHandler
 .text.DMA_CalcBaseAndBitshift
                0x080021cc       0x6c CMakeFiles/LAB07.dir/Drivers/STM32F4xx_HAL_Driver/Src/stm32f4xx_hal_dma.c.obj
 .text.DMA_CheckFifoParam
                0x08002238       0xf8 CMakeFiles/LAB07.dir/Drivers/STM32F4xx_HAL_Driver/Src/stm32f4xx_hal_dma.c.obj
 .text.__NVIC_SetPriorityGrouping
                0x08002330       0x48 CMakeFiles/LAB07.dir/Drivers/STM32F4xx_HAL_Driver/Src/stm32f4xx_hal_cortex.c.obj
 .text.__NVIC_GetPriorityGrouping
                0x08002378       0x1c CMakeFiles/LAB07.dir/Drivers/STM32F4xx_HAL_Driver/Src/stm32f4xx_hal_cortex.c.obj
 .text.__NVIC_EnableIRQ
                0x08002394       0x3c CMakeFiles/LAB07.dir/Drivers/STM32F4xx_HAL_Driver/Src/stm32f4xx_hal_cortex.c.obj
 .text.__NVIC_SetPriority
                0x080023d0       0x54 CMakeFiles/LAB07.dir/Drivers/STM32F4xx_HAL_Driver/Src/stm32f4xx_hal_cortex.c.obj
 .text.NVIC_EncodePriority
                0x08002424       0x66 CMakeFiles/LAB07.dir/Drivers/STM32F4xx_HAL_Driver/Src/stm32f4xx_hal_cortex.c.obj
 *fill*         0x0800248a        0x2 
 .text.SysTick_Config
                0x0800248c       0x44 CMakeFiles/LAB07.dir/Drivers/STM32F4xx_HAL_Driver/Src/stm32f4xx_hal_cortex.c.obj
 .text.HAL_NVIC_SetPriorityGrouping
                0x080024d0       0x16 CMakeFiles/LAB07.dir/Drivers/STM32F4xx_HAL_Driver/Src/stm32f4xx_hal_cortex.c.obj
                0x080024d0                HAL_NVIC_SetPriorityGrouping
 .text.HAL_NVIC_SetPriority
                0x080024e6       0x38 CMakeFiles/LAB07.dir/Drivers/STM32F4xx_HAL_Driver/Src/stm32f4xx_hal_cortex.c.obj
                0x080024e6                HAL_NVIC_SetPriority
 .text.HAL_NVIC_EnableIRQ
                0x0800251e       0x1c CMakeFiles/LAB07.dir/Drivers/STM32F4xx_HAL_Driver/Src/stm32f4xx_hal_cortex.c.obj
                0x0800251e                HAL_NVIC_EnableIRQ
 .text.HAL_SYSTICK_Config
                0x0800253a       0x18 CMakeFiles/LAB07.dir/Drivers/STM32F4xx_HAL_Driver/Src/stm32f4xx_hal_cortex.c.obj
                0x0800253a                HAL_SYSTICK_Config
 *fill*         0x08002552        0x2 
 .text.HAL_Init
                0x08002554       0x44 CMakeFiles/LAB07.dir/Drivers/STM32F4xx_HAL_Driver/Src/stm32f4xx_hal.c.obj
                0x08002554                HAL_Init
 .text.HAL_InitTick
                0x08002598       0x60 CMakeFiles/LAB07.dir/Drivers/STM32F4xx_HAL_Driver/Src/stm32f4xx_hal.c.obj
                0x08002598                HAL_InitTick
 .text.HAL_IncTick
                0x080025f8       0x28 CMakeFiles/LAB07.dir/Drivers/STM32F4xx_HAL_Driver/Src/stm32f4xx_hal.c.obj
                0x080025f8                HAL_IncTick
 .text.HAL_GetTick
                0x08002620       0x18 CMakeFiles/LAB07.dir/Drivers/STM32F4xx_HAL_Driver/Src/stm32f4xx_hal.c.obj
                0x08002620                HAL_GetTick
 .text.HAL_TIM_Base_Init
                0x08002638       0x9e CMakeFiles/LAB07.dir/Drivers/STM32F4xx_HAL_Driver/Src/stm32f4xx_hal_tim.c.obj
                0x08002638                HAL_TIM_Base_Init
 .text.HAL_TIM_IRQHandler
                0x080026d6      0x1e0 CMakeFiles/LAB07.dir/Drivers/STM32F4xx_HAL_Driver/Src/stm32f4xx_hal_tim.c.obj
                0x080026d6                HAL_TIM_IRQHandler
 .text.HAL_TIM_ConfigClockSource
                0x080028b6      0x18e CMakeFiles/LAB07.dir/Drivers/STM32F4xx_HAL_Driver/Src/stm32f4xx_hal_tim.c.obj
                0x080028b6                HAL_TIM_ConfigClockSource
 .text.HAL_TIM_PeriodElapsedCallback
                0x08002a44       0x14 CMakeFiles/LAB07.dir/Drivers/STM32F4xx_HAL_Driver/Src/stm32f4xx_hal_tim.c.obj
                0x08002a44                HAL_TIM_PeriodElapsedCallback
 .text.HAL_TIM_OC_DelayElapsedCallback
                0x08002a58       0x14 CMakeFiles/LAB07.dir/Drivers/STM32F4xx_HAL_Driver/Src/stm32f4xx_hal_tim.c.obj
                0x08002a58                HAL_TIM_OC_DelayElapsedCallback
 .text.HAL_TIM_IC_CaptureCallback
                0x08002a6c       0x14 CMakeFiles/LAB07.dir/Drivers/STM32F4xx_HAL_Driver/Src/stm32f4xx_hal_tim.c.obj
                0x08002a6c                HAL_TIM_IC_CaptureCallback
 .text.HAL_TIM_PWM_PulseFinishedCallback
                0x08002a80       0x14 CMakeFiles/LAB07.dir/Drivers/STM32F4xx_HAL_Driver/Src/stm32f4xx_hal_tim.c.obj
                0x08002a80                HAL_TIM_PWM_PulseFinishedCallback
 .text.HAL_TIM_TriggerCallback
                0x08002a94       0x14 CMakeFiles/LAB07.dir/Drivers/STM32F4xx_HAL_Driver/Src/stm32f4xx_hal_tim.c.obj
                0x08002a94                HAL_TIM_TriggerCallback
 .text.TIM_Base_SetConfig
                0x08002aa8      0x118 CMakeFiles/LAB07.dir/Drivers/STM32F4xx_HAL_Driver/Src/stm32f4xx_hal_tim.c.obj
                0x08002aa8                TIM_Base_SetConfig
 .text.TIM_TI1_ConfigInputStage
                0x08002bc0       0x5e CMakeFiles/LAB07.dir/Drivers/STM32F4xx_HAL_Driver/Src/stm32f4xx_hal_tim.c.obj
 .text.TIM_TI2_ConfigInputStage
                0x08002c1e       0x60 CMakeFiles/LAB07.dir/Drivers/STM32F4xx_HAL_Driver/Src/stm32f4xx_hal_tim.c.obj
 .text.TIM_ITRx_SetConfig
                0x08002c7e       0x36 CMakeFiles/LAB07.dir/Drivers/STM32F4xx_HAL_Driver/Src/stm32f4xx_hal_tim.c.obj
 .text.TIM_ETR_SetConfig
                0x08002cb4       0x40 CMakeFiles/LAB07.dir/Drivers/STM32F4xx_HAL_Driver/Src/stm32f4xx_hal_tim.c.obj
                0x08002cb4                TIM_ETR_SetConfig
 .text.HAL_TIMEx_MasterConfigSynchronization
                0x08002cf4       0xdc CMakeFiles/LAB07.dir/Drivers/STM32F4xx_HAL_Driver/Src/stm32f4xx_hal_tim_ex.c.obj
                0x08002cf4                HAL_TIMEx_MasterConfigSynchronization
 .text.HAL_TIMEx_CommutCallback
                0x08002dd0       0x14 CMakeFiles/LAB07.dir/Drivers/STM32F4xx_HAL_Driver/Src/stm32f4xx_hal_tim_ex.c.obj
                0x08002dd0                HAL_TIMEx_CommutCallback
 .text.HAL_TIMEx_BreakCallback
                0x08002de4       0x14 CMakeFiles/LAB07.dir/Drivers/STM32F4xx_HAL_Driver/Src/stm32f4xx_hal_tim_ex.c.obj
                0x08002de4                HAL_TIMEx_BreakCallback
 .text.SystemInit
                0x08002df8       0x24 CMakeFiles/LAB07.dir/Core/Src/system_stm32f4xx.c.obj
                0x08002df8                SystemInit
 .text.Reset_Handler
                0x08002e1c       0x50 CMakeFiles/LAB07.dir/startup_stm32f411xe.s.obj
                0x08002e1c                Reset_Handler
 .text.Default_Handler
                0x08002e6c        0x2 CMakeFiles/LAB07.dir/startup_stm32f411xe.s.obj
                0x08002e6c                RTC_Alarm_IRQHandler
                0x08002e6c                EXTI2_IRQHandler
                0x08002e6c                SPI4_IRQHandler
                0x08002e6c                TIM1_CC_IRQHandler
                0x08002e6c                DMA2_Stream5_IRQHandler
                0x08002e6c                DMA1_Stream5_IRQHandler
                0x08002e6c                PVD_IRQHandler
                0x08002e6c                SDIO_IRQHandler
                0x08002e6c                TAMP_STAMP_IRQHandler
                0x08002e6c                EXTI3_IRQHandler
                0x08002e6c                TIM1_UP_TIM10_IRQHandler
                0x08002e6c                I2C3_ER_IRQHandler
                0x08002e6c                EXTI0_IRQHandler
                0x08002e6c                I2C2_EV_IRQHandler
                0x08002e6c                DMA1_Stream2_IRQHandler
                0x08002e6c                FPU_IRQHandler
                0x08002e6c                DMA2_Stream2_IRQHandler
                0x08002e6c                SPI1_IRQHandler
                0x08002e6c                TIM1_BRK_TIM9_IRQHandler
                0x08002e6c                DMA2_Stream3_IRQHandler
                0x08002e6c                USART6_IRQHandler
                0x08002e6c                TIM4_IRQHandler
                0x08002e6c                I2C1_EV_IRQHandler
                0x08002e6c                DMA1_Stream6_IRQHandler
                0x08002e6c                DMA1_Stream1_IRQHandler
                0x08002e6c                TIM3_IRQHandler
                0x08002e6c                RCC_IRQHandler
                0x08002e6c                Default_Handler
                0x08002e6c                EXTI15_10_IRQHandler
                0x08002e6c                DMA1_Stream7_IRQHandler
                0x08002e6c                SPI5_IRQHandler
                0x08002e6c                TIM5_IRQHandler
                0x08002e6c                DMA2_Stream7_IRQHandler
                0x08002e6c                I2C3_EV_IRQHandler
                0x08002e6c                EXTI9_5_IRQHandler
                0x08002e6c                RTC_WKUP_IRQHandler
                0x08002e6c                SPI2_IRQHandler
                0x08002e6c                DMA1_Stream0_IRQHandler
                0x08002e6c                EXTI4_IRQHandler
                0x08002e6c                WWDG_IRQHandler
                0x08002e6c                OTG_FS_WKUP_IRQHandler
                0x08002e6c                TIM1_TRG_COM_TIM11_IRQHandler
                0x08002e6c                EXTI1_IRQHandler
                0x08002e6c                USART2_IRQHandler
                0x08002e6c                I2C2_ER_IRQHandler
                0x08002e6c                DMA2_Stream1_IRQHandler
                0x08002e6c                FLASH_IRQHandler
                0x08002e6c                DMA2_Stream4_IRQHandler
                0x08002e6c                USART1_IRQHandler
                0x08002e6c                OTG_FS_IRQHandler
                0x08002e6c                SPI3_IRQHandler
                0x08002e6c                DMA1_Stream4_IRQHandler
                0x08002e6c                I2C1_ER_IRQHandler
                0x08002e6c                DMA2_Stream6_IRQHandler
                0x08002e6c                DMA1_Stream3_IRQHandler
 *(.glue_7)
 .glue_7        0x08002e6e        0x0 linker stubs
 *(.glue_7t)
 .glue_7t       0x08002e6e        0x0 linker stubs
 *(.eh_frame)
 *fill*         0x08002e6e        0x2 
 .eh_frame      0x08002e70        0x0 C:/ST/STM32CubeCLT_1.16.0/GNU-tools-for-STM32/bin/../lib/gcc/arm-none-eabi/12.3.1/thumb/v7e-m+fp/hard/crtbegin.o
 *(.init)
 .init          0x08002e70        0x4 C:/ST/STM32CubeCLT_1.16.0/GNU-tools-for-STM32/bin/../lib/gcc/arm-none-eabi/12.3.1/thumb/v7e-m+fp/hard/crti.o
                0x08002e70                _init
 .init          0x08002e74        0x8 C:/ST/STM32CubeCLT_1.16.0/GNU-tools-for-STM32/bin/../lib/gcc/arm-none-eabi/12.3.1/thumb/v7e-m+fp/hard/crtn.o
 *(.fini)
 .fini          0x08002e7c        0x4 C:/ST/STM32CubeCLT_1.16.0/GNU-tools-for-STM32/bin/../lib/gcc/arm-none-eabi/12.3.1/thumb/v7e-m+fp/hard/crti.o
                0x08002e7c                _fini
 .fini          0x08002e80        0x8 C:/ST/STM32CubeCLT_1.16.0/GNU-tools-for-STM32/bin/../lib/gcc/arm-none-eabi/12.3.1/thumb/v7e-m+fp/hard/crtn.o
                0x08002e88                        . = ALIGN (0x4)
                0x08002e88                        _etext = .

.vfp11_veneer   0x08002e88        0x0
 .vfp11_veneer  0x08002e88        0x0 linker stubs

.v4_bx          0x08002e88        0x0
 .v4_bx         0x08002e88        0x0 linker stubs

.iplt           0x08002e88        0x0
 .iplt          0x08002e88        0x0 C:/ST/STM32CubeCLT_1.16.0/GNU-tools-for-STM32/bin/../lib/gcc/arm-none-eabi/12.3.1/thumb/v7e-m+fp/hard/crtbegin.o

.rodata         0x08002e88       0x18
                0x08002e88                        . = ALIGN (0x4)
 *(.rodata)
 *(.rodata*)
 .rodata.flagBitshiftOffset.0
                0x08002e88        0x8 CMakeFiles/LAB07.dir/Drivers/STM32F4xx_HAL_Driver/Src/stm32f4xx_hal_dma.c.obj
 .rodata.AHBPrescTable
                0x08002e90       0x10 CMakeFiles/LAB07.dir/Core/Src/system_stm32f4xx.c.obj
                0x08002e90                AHBPrescTable
                0x08002ea0                        . = ALIGN (0x4)

.ARM.extab
 *(.ARM.extab* .gnu.linkonce.armextab.*)

.ARM            0x08002ea0        0x8
                0x08002ea0                        __exidx_start = .
 *(.ARM.exidx*)
 .ARM.exidx     0x08002ea0        0x8 C:/ST/STM32CubeCLT_1.16.0/GNU-tools-for-STM32/bin/../lib/gcc/arm-none-eabi/12.3.1/thumb/v7e-m+fp/hard\libgcc.a(_udivmoddi4.o)
                0x08002ea8                        __exidx_end = .

.rel.dyn        0x08002ea8        0x0
 .rel.iplt      0x08002ea8        0x0 C:/ST/STM32CubeCLT_1.16.0/GNU-tools-for-STM32/bin/../lib/gcc/arm-none-eabi/12.3.1/thumb/v7e-m+fp/hard/crtbegin.o

.preinit_array  0x08002ea8        0x0
                0x08002ea8                        PROVIDE (__preinit_array_start = .)
 *(.preinit_array*)
                0x08002ea8                        PROVIDE (__preinit_array_end = .)

.init_array     0x08002ea8        0x4
                0x08002ea8                        PROVIDE (__init_array_start = .)
 *(SORT_BY_NAME(.init_array.*))
 *(.init_array*)
 .init_array    0x08002ea8        0x4 C:/ST/STM32CubeCLT_1.16.0/GNU-tools-for-STM32/bin/../lib/gcc/arm-none-eabi/12.3.1/thumb/v7e-m+fp/hard/crtbegin.o
                0x08002eac                        PROVIDE (__init_array_end = .)

.fini_array     0x08002eac        0x4
                [!provide]                        PROVIDE (__fini_array_start = .)
 *(SORT_BY_NAME(.fini_array.*))
 *(.fini_array*)
 .fini_array    0x08002eac        0x4 C:/ST/STM32CubeCLT_1.16.0/GNU-tools-for-STM32/bin/../lib/gcc/arm-none-eabi/12.3.1/thumb/v7e-m+fp/hard/crtbegin.o
                [!provide]                        PROVIDE (__fini_array_end = .)
                0x08002eb0                        _sidata = LOADADDR (.data)

.data           0x20000000        0xc load address 0x08002eb0
                0x20000000                        . = ALIGN (0x4)
                0x20000000                        _sdata = .
 *(.data)
 *(.data*)
 .data.uwTickPrio
                0x20000000        0x4 CMakeFiles/LAB07.dir/Drivers/STM32F4xx_HAL_Driver/Src/stm32f4xx_hal.c.obj
                0x20000000                uwTickPrio
 .data.uwTickFreq
                0x20000004        0x1 CMakeFiles/LAB07.dir/Drivers/STM32F4xx_HAL_Driver/Src/stm32f4xx_hal.c.obj
                0x20000004                uwTickFreq
 *fill*         0x20000005        0x3 
 .data.SystemCoreClock
                0x20000008        0x4 CMakeFiles/LAB07.dir/Core/Src/system_stm32f4xx.c.obj
                0x20000008                SystemCoreClock
                0x2000000c                        . = ALIGN (0x4)
                0x2000000c                        _edata = .

.igot.plt       0x2000000c        0x0 load address 0x08002ebc
 .igot.plt      0x2000000c        0x0 C:/ST/STM32CubeCLT_1.16.0/GNU-tools-for-STM32/bin/../lib/gcc/arm-none-eabi/12.3.1/thumb/v7e-m+fp/hard/crtbegin.o
                0x2000000c                        . = ALIGN (0x4)

.bss            0x2000000c      0x110 load address 0x08002ebc
                0x2000000c                        _sbss = .
                0x2000000c                        __bss_start__ = _sbss
 *(.bss)
 .bss           0x2000000c       0x1c C:/ST/STM32CubeCLT_1.16.0/GNU-tools-for-STM32/bin/../lib/gcc/arm-none-eabi/12.3.1/thumb/v7e-m+fp/hard/crtbegin.o
 *(.bss*)
 .bss.hadc1     0x20000028       0x48 CMakeFiles/LAB07.dir/Core/Src/main.c.obj
                0x20000028                hadc1
 .bss.hdma_adc1
                0x20000070       0x60 CMakeFiles/LAB07.dir/Core/Src/main.c.obj
                0x20000070                hdma_adc1
 .bss.htim2     0x200000d0       0x48 CMakeFiles/LAB07.dir/Core/Src/main.c.obj
                0x200000d0                htim2
 .bss.uwTick    0x20000118        0x4 CMakeFiles/LAB07.dir/Drivers/STM32F4xx_HAL_Driver/Src/stm32f4xx_hal.c.obj
                0x20000118                uwTick
 *(COMMON)
                0x2000011c                        . = ALIGN (0x4)
                0x2000011c                        _ebss = .
                0x2000011c                        __bss_end__ = _ebss

._user_heap_stack
                0x2000011c      0x604 load address 0x08002ebc
                0x20000120                        . = ALIGN (0x8)
 *fill*         0x2000011c        0x4 
                [!provide]                        PROVIDE (end = .)
                0x20000120                        PROVIDE (_end = .)
                0x20000320                        . = (. + _Min_Heap_Size)
 *fill*         0x20000120      0x200 
                0x20000720                        . = (. + _Min_Stack_Size)
 *fill*         0x20000320      0x400 
                0x20000720                        . = ALIGN (0x8)

/DISCARD/
 libc.a(*)
 libm.a(*)
 libgcc.a(*)

.ARM.attributes
                0x00000000       0x30
 *(.ARM.attributes)
 .ARM.attributes
                0x00000000       0x22 C:/ST/STM32CubeCLT_1.16.0/GNU-tools-for-STM32/bin/../lib/gcc/arm-none-eabi/12.3.1/thumb/v7e-m+fp/hard/crti.o
 .ARM.attributes
                0x00000022       0x34 C:/ST/STM32CubeCLT_1.16.0/GNU-tools-for-STM32/bin/../lib/gcc/arm-none-eabi/12.3.1/thumb/v7e-m+fp/hard/crtbegin.o
 .ARM.attributes
                0x00000056       0x34 C:/ST/STM32CubeCLT_1.16.0/GNU-tools-for-STM32/bin/../lib/gcc/arm-none-eabi/12.3.1/../../../../arm-none-eabi/lib/thumb/v7e-m+fp/hard\libc_nano.a(libc_a-memset.o)
 .ARM.attributes
                0x0000008a       0x34 C:/ST/STM32CubeCLT_1.16.0/GNU-tools-for-STM32/bin/../lib/gcc/arm-none-eabi/12.3.1/../../../../arm-none-eabi/lib/thumb/v7e-m+fp/hard\libc_nano.a(libc_a-init.o)
 .ARM.attributes
                0x000000be       0x34 CMakeFiles/LAB07.dir/Core/Src/main.c.obj
 .ARM.attributes
                0x000000f2       0x34 CMakeFiles/LAB07.dir/Core/Src/stm32f4xx_it.c.obj
 .ARM.attributes
                0x00000126       0x34 CMakeFiles/LAB07.dir/Core/Src/stm32f4xx_hal_msp.c.obj
 .ARM.attributes
                0x0000015a       0x34 CMakeFiles/LAB07.dir/Drivers/STM32F4xx_HAL_Driver/Src/stm32f4xx_hal_adc.c.obj
 .ARM.attributes
                0x0000018e       0x34 CMakeFiles/LAB07.dir/Drivers/STM32F4xx_HAL_Driver/Src/stm32f4xx_hal_adc_ex.c.obj
 .ARM.attributes
                0x000001c2       0x34 CMakeFiles/LAB07.dir/Drivers/STM32F4xx_HAL_Driver/Src/stm32f4xx_hal_rcc.c.obj
 .ARM.attributes
                0x000001f6       0x34 CMakeFiles/LAB07.dir/Drivers/STM32F4xx_HAL_Driver/Src/stm32f4xx_hal_gpio.c.obj
 .ARM.attributes
                0x0000022a       0x34 CMakeFiles/LAB07.dir/Drivers/STM32F4xx_HAL_Driver/Src/stm32f4xx_hal_dma.c.obj
 .ARM.attributes
                0x0000025e       0x34 CMakeFiles/LAB07.dir/Drivers/STM32F4xx_HAL_Driver/Src/stm32f4xx_hal_cortex.c.obj
 .ARM.attributes
                0x00000292       0x34 CMakeFiles/LAB07.dir/Drivers/STM32F4xx_HAL_Driver/Src/stm32f4xx_hal.c.obj
 .ARM.attributes
                0x000002c6       0x34 CMakeFiles/LAB07.dir/Drivers/STM32F4xx_HAL_Driver/Src/stm32f4xx_hal_tim.c.obj
 .ARM.attributes
                0x000002fa       0x34 CMakeFiles/LAB07.dir/Drivers/STM32F4xx_HAL_Driver/Src/stm32f4xx_hal_tim_ex.c.obj
 .ARM.attributes
                0x0000032e       0x34 CMakeFiles/LAB07.dir/Core/Src/system_stm32f4xx.c.obj
 .ARM.attributes
                0x00000362       0x21 CMakeFiles/LAB07.dir/startup_stm32f411xe.s.obj
 .ARM.attributes
                0x00000383       0x22 C:/ST/STM32CubeCLT_1.16.0/GNU-tools-for-STM32/bin/../lib/gcc/arm-none-eabi/12.3.1/thumb/v7e-m+fp/hard\libgcc.a(_aeabi_uldivmod.o)
 .ARM.attributes
                0x000003a5       0x34 C:/ST/STM32CubeCLT_1.16.0/GNU-tools-for-STM32/bin/../lib/gcc/arm-none-eabi/12.3.1/thumb/v7e-m+fp/hard\libgcc.a(_udivmoddi4.o)
 .ARM.attributes
                0x000003d9       0x22 C:/ST/STM32CubeCLT_1.16.0/GNU-tools-for-STM32/bin/../lib/gcc/arm-none-eabi/12.3.1/thumb/v7e-m+fp/hard\libgcc.a(_dvmd_tls.o)
 .ARM.attributes
                0x000003fb       0x22 C:/ST/STM32CubeCLT_1.16.0/GNU-tools-for-STM32/bin/../lib/gcc/arm-none-eabi/12.3.1/thumb/v7e-m+fp/hard/crtn.o
OUTPUT(LAB07.elf elf32-littlearm)
LOAD linker stubs
LOAD C:/ST/STM32CubeCLT_1.16.0/GNU-tools-for-STM32/bin/../lib/gcc/arm-none-eabi/12.3.1/../../../../arm-none-eabi/lib/thumb/v7e-m+fp/hard\libc.a
LOAD C:/ST/STM32CubeCLT_1.16.0/GNU-tools-for-STM32/bin/../lib/gcc/arm-none-eabi/12.3.1/../../../../arm-none-eabi/lib/thumb/v7e-m+fp/hard\libm.a
LOAD C:/ST/STM32CubeCLT_1.16.0/GNU-tools-for-STM32/bin/../lib/gcc/arm-none-eabi/12.3.1/thumb/v7e-m+fp/hard\libgcc.a

.debug_frame    0x00000000     0x3064
 .debug_frame   0x00000000       0x20 C:/ST/STM32CubeCLT_1.16.0/GNU-tools-for-STM32/bin/../lib/gcc/arm-none-eabi/12.3.1/../../../../arm-none-eabi/lib/thumb/v7e-m+fp/hard\libc_nano.a(libc_a-memset.o)
 .debug_frame   0x00000020       0x2c C:/ST/STM32CubeCLT_1.16.0/GNU-tools-for-STM32/bin/../lib/gcc/arm-none-eabi/12.3.1/../../../../arm-none-eabi/lib/thumb/v7e-m+fp/hard\libc_nano.a(libc_a-init.o)
 .debug_frame   0x0000004c       0xf8 CMakeFiles/LAB07.dir/Core/Src/main.c.obj
 .debug_frame   0x00000144      0x158 CMakeFiles/LAB07.dir/Core/Src/stm32f4xx_it.c.obj
 .debug_frame   0x0000029c       0xc8 CMakeFiles/LAB07.dir/Core/Src/stm32f4xx_hal_msp.c.obj
 .debug_frame   0x00000364      0x3fc CMakeFiles/LAB07.dir/Drivers/STM32F4xx_HAL_Driver/Src/stm32f4xx_hal_adc.c.obj
 .debug_frame   0x00000760      0x250 CMakeFiles/LAB07.dir/Drivers/STM32F4xx_HAL_Driver/Src/stm32f4xx_hal_adc_ex.c.obj
 .debug_frame   0x000009b0      0x1f4 CMakeFiles/LAB07.dir/Drivers/STM32F4xx_HAL_Driver/Src/stm32f4xx_hal_rcc.c.obj
 .debug_frame   0x00000ba4      0x14c CMakeFiles/LAB07.dir/Drivers/STM32F4xx_HAL_Driver/Src/stm32f4xx_hal_gpio.c.obj
 .debug_frame   0x00000cf0      0x250 CMakeFiles/LAB07.dir/Drivers/STM32F4xx_HAL_Driver/Src/stm32f4xx_hal_dma.c.obj
 .debug_frame   0x00000f40      0x508 CMakeFiles/LAB07.dir/Drivers/STM32F4xx_HAL_Driver/Src/stm32f4xx_hal_cortex.c.obj
 .debug_frame   0x00001448      0x374 CMakeFiles/LAB07.dir/Drivers/STM32F4xx_HAL_Driver/Src/stm32f4xx_hal.c.obj
 .debug_frame   0x000017bc     0x11b8 CMakeFiles/LAB07.dir/Drivers/STM32F4xx_HAL_Driver/Src/stm32f4xx_hal_tim.c.obj
 .debug_frame   0x00002974      0x638 CMakeFiles/LAB07.dir/Drivers/STM32F4xx_HAL_Driver/Src/stm32f4xx_hal_tim_ex.c.obj
 .debug_frame   0x00002fac       0x58 CMakeFiles/LAB07.dir/Core/Src/system_stm32f4xx.c.obj
 .debug_frame   0x00003004       0x2c C:/ST/STM32CubeCLT_1.16.0/GNU-tools-for-STM32/bin/../lib/gcc/arm-none-eabi/12.3.1/thumb/v7e-m+fp/hard\libgcc.a(_aeabi_uldivmod.o)
 .debug_frame   0x00003030       0x34 C:/ST/STM32CubeCLT_1.16.0/GNU-tools-for-STM32/bin/../lib/gcc/arm-none-eabi/12.3.1/thumb/v7e-m+fp/hard\libgcc.a(_udivmoddi4.o)

.debug_info     0x00000000     0xb611
 .debug_info    0x00000000     0x12c9 CMakeFiles/LAB07.dir/Core/Src/main.c.obj
 .debug_info    0x000012c9      0x98c CMakeFiles/LAB07.dir/Core/Src/stm32f4xx_it.c.obj
 .debug_info    0x00001c55      0xf2e CMakeFiles/LAB07.dir/Core/Src/stm32f4xx_hal_msp.c.obj
 .debug_info    0x00002b83      0xcd1 CMakeFiles/LAB07.dir/Drivers/STM32F4xx_HAL_Driver/Src/stm32f4xx_hal_adc.c.obj
 .debug_info    0x00003854      0xb56 CMakeFiles/LAB07.dir/Drivers/STM32F4xx_HAL_Driver/Src/stm32f4xx_hal_adc_ex.c.obj
 .debug_info    0x000043aa      0x8f0 CMakeFiles/LAB07.dir/Drivers/STM32F4xx_HAL_Driver/Src/stm32f4xx_hal_rcc.c.obj
 .debug_info    0x00004c9a      0x6f9 CMakeFiles/LAB07.dir/Drivers/STM32F4xx_HAL_Driver/Src/stm32f4xx_hal_gpio.c.obj
 .debug_info    0x00005393      0x8e6 CMakeFiles/LAB07.dir/Drivers/STM32F4xx_HAL_Driver/Src/stm32f4xx_hal_dma.c.obj
 .debug_info    0x00005c79      0xcfc CMakeFiles/LAB07.dir/Drivers/STM32F4xx_HAL_Driver/Src/stm32f4xx_hal_cortex.c.obj
 .debug_info    0x00006975      0x8c4 CMakeFiles/LAB07.dir/Drivers/STM32F4xx_HAL_Driver/Src/stm32f4xx_hal.c.obj
 .debug_info    0x00007239     0x2996 CMakeFiles/LAB07.dir/Drivers/STM32F4xx_HAL_Driver/Src/stm32f4xx_hal_tim.c.obj
 .debug_info    0x00009bcf     0x14d4 CMakeFiles/LAB07.dir/Drivers/STM32F4xx_HAL_Driver/Src/stm32f4xx_hal_tim_ex.c.obj
 .debug_info    0x0000b0a3      0x53e CMakeFiles/LAB07.dir/Core/Src/system_stm32f4xx.c.obj
 .debug_info    0x0000b5e1       0x30 CMakeFiles/LAB07.dir/startup_stm32f411xe.s.obj

.debug_abbrev   0x00000000     0x1cf6
 .debug_abbrev  0x00000000      0x28f CMakeFiles/LAB07.dir/Core/Src/main.c.obj
 .debug_abbrev  0x0000028f      0x1a7 CMakeFiles/LAB07.dir/Core/Src/stm32f4xx_it.c.obj
 .debug_abbrev  0x00000436      0x215 CMakeFiles/LAB07.dir/Core/Src/stm32f4xx_hal_msp.c.obj
 .debug_abbrev  0x0000064b      0x20e CMakeFiles/LAB07.dir/Drivers/STM32F4xx_HAL_Driver/Src/stm32f4xx_hal_adc.c.obj
 .debug_abbrev  0x00000859      0x22c CMakeFiles/LAB07.dir/Drivers/STM32F4xx_HAL_Driver/Src/stm32f4xx_hal_adc_ex.c.obj
 .debug_abbrev  0x00000a85      0x2b6 CMakeFiles/LAB07.dir/Drivers/STM32F4xx_HAL_Driver/Src/stm32f4xx_hal_rcc.c.obj
 .debug_abbrev  0x00000d3b      0x1d3 CMakeFiles/LAB07.dir/Drivers/STM32F4xx_HAL_Driver/Src/stm32f4xx_hal_gpio.c.obj
 .debug_abbrev  0x00000f0e      0x221 CMakeFiles/LAB07.dir/Drivers/STM32F4xx_HAL_Driver/Src/stm32f4xx_hal_dma.c.obj
 .debug_abbrev  0x0000112f      0x31d CMakeFiles/LAB07.dir/Drivers/STM32F4xx_HAL_Driver/Src/stm32f4xx_hal_cortex.c.obj
 .debug_abbrev  0x0000144c      0x24b CMakeFiles/LAB07.dir/Drivers/STM32F4xx_HAL_Driver/Src/stm32f4xx_hal.c.obj
 .debug_abbrev  0x00001697      0x28b CMakeFiles/LAB07.dir/Drivers/STM32F4xx_HAL_Driver/Src/stm32f4xx_hal_tim.c.obj
 .debug_abbrev  0x00001922      0x296 CMakeFiles/LAB07.dir/Drivers/STM32F4xx_HAL_Driver/Src/stm32f4xx_hal_tim_ex.c.obj
 .debug_abbrev  0x00001bb8      0x11a CMakeFiles/LAB07.dir/Core/Src/system_stm32f4xx.c.obj
 .debug_abbrev  0x00001cd2       0x24 CMakeFiles/LAB07.dir/startup_stm32f411xe.s.obj

.debug_aranges  0x00000000      0xb98
 .debug_aranges
                0x00000000       0x50 CMakeFiles/LAB07.dir/Core/Src/main.c.obj
 .debug_aranges
                0x00000050       0x78 CMakeFiles/LAB07.dir/Core/Src/stm32f4xx_it.c.obj
 .debug_aranges
                0x000000c8       0x40 CMakeFiles/LAB07.dir/Core/Src/stm32f4xx_hal_msp.c.obj
 .debug_aranges
                0x00000108       0xe8 CMakeFiles/LAB07.dir/Drivers/STM32F4xx_HAL_Driver/Src/stm32f4xx_hal_adc.c.obj
 .debug_aranges
                0x000001f0       0x90 CMakeFiles/LAB07.dir/Drivers/STM32F4xx_HAL_Driver/Src/stm32f4xx_hal_adc_ex.c.obj
 .debug_aranges
                0x00000280       0x88 CMakeFiles/LAB07.dir/Drivers/STM32F4xx_HAL_Driver/Src/stm32f4xx_hal_rcc.c.obj
 .debug_aranges
                0x00000308       0x58 CMakeFiles/LAB07.dir/Drivers/STM32F4xx_HAL_Driver/Src/stm32f4xx_hal_gpio.c.obj
 .debug_aranges
                0x00000360       0x90 CMakeFiles/LAB07.dir/Drivers/STM32F4xx_HAL_Driver/Src/stm32f4xx_hal_dma.c.obj
 .debug_aranges
                0x000003f0      0x130 CMakeFiles/LAB07.dir/Drivers/STM32F4xx_HAL_Driver/Src/stm32f4xx_hal_cortex.c.obj
 .debug_aranges
                0x00000520       0xf0 CMakeFiles/LAB07.dir/Drivers/STM32F4xx_HAL_Driver/Src/stm32f4xx_hal.c.obj
 .debug_aranges
                0x00000610      0x3d0 CMakeFiles/LAB07.dir/Drivers/STM32F4xx_HAL_Driver/Src/stm32f4xx_hal_tim.c.obj
 .debug_aranges
                0x000009e0      0x168 CMakeFiles/LAB07.dir/Drivers/STM32F4xx_HAL_Driver/Src/stm32f4xx_hal_tim_ex.c.obj
 .debug_aranges
                0x00000b48       0x28 CMakeFiles/LAB07.dir/Core/Src/system_stm32f4xx.c.obj
 .debug_aranges
                0x00000b70       0x28 CMakeFiles/LAB07.dir/startup_stm32f411xe.s.obj

.debug_rnglists
                0x00000000      0x8f8
 .debug_rnglists
                0x00000000       0x3b CMakeFiles/LAB07.dir/Core/Src/main.c.obj
 .debug_rnglists
                0x0000003b       0x55 CMakeFiles/LAB07.dir/Core/Src/stm32f4xx_it.c.obj
 .debug_rnglists
                0x00000090       0x2c CMakeFiles/LAB07.dir/Core/Src/stm32f4xx_hal_msp.c.obj
 .debug_rnglists
                0x000000bc       0xb5 CMakeFiles/LAB07.dir/Drivers/STM32F4xx_HAL_Driver/Src/stm32f4xx_hal_adc.c.obj
 .debug_rnglists
                0x00000171       0x71 CMakeFiles/LAB07.dir/Drivers/STM32F4xx_HAL_Driver/Src/stm32f4xx_hal_adc_ex.c.obj
 .debug_rnglists
                0x000001e2       0x66 CMakeFiles/LAB07.dir/Drivers/STM32F4xx_HAL_Driver/Src/stm32f4xx_hal_rcc.c.obj
 .debug_rnglists
                0x00000248       0x3f CMakeFiles/LAB07.dir/Drivers/STM32F4xx_HAL_Driver/Src/stm32f4xx_hal_gpio.c.obj
 .debug_rnglists
                0x00000287       0x70 CMakeFiles/LAB07.dir/Drivers/STM32F4xx_HAL_Driver/Src/stm32f4xx_hal_dma.c.obj
 .debug_rnglists
                0x000002f7       0xe0 CMakeFiles/LAB07.dir/Drivers/STM32F4xx_HAL_Driver/Src/stm32f4xx_hal_cortex.c.obj
 .debug_rnglists
                0x000003d7       0xaf CMakeFiles/LAB07.dir/Drivers/STM32F4xx_HAL_Driver/Src/stm32f4xx_hal.c.obj
 .debug_rnglists
                0x00000486      0x31a CMakeFiles/LAB07.dir/Drivers/STM32F4xx_HAL_Driver/Src/stm32f4xx_hal_tim.c.obj
 .debug_rnglists
                0x000007a0      0x125 CMakeFiles/LAB07.dir/Drivers/STM32F4xx_HAL_Driver/Src/stm32f4xx_hal_tim_ex.c.obj
 .debug_rnglists
                0x000008c5       0x1a CMakeFiles/LAB07.dir/Core/Src/system_stm32f4xx.c.obj
 .debug_rnglists
                0x000008df       0x19 CMakeFiles/LAB07.dir/startup_stm32f411xe.s.obj

.debug_macro    0x00000000    0x16845
 .debug_macro   0x00000000      0x1fb CMakeFiles/LAB07.dir/Core/Src/main.c.obj
 .debug_macro   0x000001fb      0xab4 CMakeFiles/LAB07.dir/Core/Src/main.c.obj
 .debug_macro   0x00000caf      0x29b CMakeFiles/LAB07.dir/Core/Src/main.c.obj
 .debug_macro   0x00000f4a       0x2e CMakeFiles/LAB07.dir/Core/Src/main.c.obj
 .debug_macro   0x00000f78       0x28 CMakeFiles/LAB07.dir/Core/Src/main.c.obj
 .debug_macro   0x00000fa0       0x22 CMakeFiles/LAB07.dir/Core/Src/main.c.obj
 .debug_macro   0x00000fc2       0x8e CMakeFiles/LAB07.dir/Core/Src/main.c.obj
 .debug_macro   0x00001050       0x51 CMakeFiles/LAB07.dir/Core/Src/main.c.obj
 .debug_macro   0x000010a1      0x103 CMakeFiles/LAB07.dir/Core/Src/main.c.obj
 .debug_macro   0x000011a4       0x6a CMakeFiles/LAB07.dir/Core/Src/main.c.obj
 .debug_macro   0x0000120e      0x1df CMakeFiles/LAB07.dir/Core/Src/main.c.obj
 .debug_macro   0x000013ed       0x1c CMakeFiles/LAB07.dir/Core/Src/main.c.obj
 .debug_macro   0x00001409       0x22 CMakeFiles/LAB07.dir/Core/Src/main.c.obj
 .debug_macro   0x0000142b       0xfb CMakeFiles/LAB07.dir/Core/Src/main.c.obj
 .debug_macro   0x00001526     0x1011 CMakeFiles/LAB07.dir/Core/Src/main.c.obj
 .debug_macro   0x00002537      0x11f CMakeFiles/LAB07.dir/Core/Src/main.c.obj
 .debug_macro   0x00002656     0xb953 CMakeFiles/LAB07.dir/Core/Src/main.c.obj
 .debug_macro   0x0000dfa9       0x6d CMakeFiles/LAB07.dir/Core/Src/main.c.obj
 .debug_macro   0x0000e016     0x369a CMakeFiles/LAB07.dir/Core/Src/main.c.obj
 .debug_macro   0x000116b0      0x189 CMakeFiles/LAB07.dir/Core/Src/main.c.obj
 .debug_macro   0x00011839       0x5c CMakeFiles/LAB07.dir/Core/Src/main.c.obj
 .debug_macro   0x00011895      0x45c CMakeFiles/LAB07.dir/Core/Src/main.c.obj
 .debug_macro   0x00011cf1      0x9e9 CMakeFiles/LAB07.dir/Core/Src/main.c.obj
 .debug_macro   0x000126da      0x115 CMakeFiles/LAB07.dir/Core/Src/main.c.obj
 .debug_macro   0x000127ef      0x11b CMakeFiles/LAB07.dir/Core/Src/main.c.obj
 .debug_macro   0x0001290a       0xa5 CMakeFiles/LAB07.dir/Core/Src/main.c.obj
 .debug_macro   0x000129af      0x15f CMakeFiles/LAB07.dir/Core/Src/main.c.obj
 .debug_macro   0x00012b0e      0x287 CMakeFiles/LAB07.dir/Core/Src/main.c.obj
 .debug_macro   0x00012d95       0x5f CMakeFiles/LAB07.dir/Core/Src/main.c.obj
 .debug_macro   0x00012df4      0x236 CMakeFiles/LAB07.dir/Core/Src/main.c.obj
 .debug_macro   0x0001302a      0x9e1 CMakeFiles/LAB07.dir/Core/Src/main.c.obj
 .debug_macro   0x00013a0b      0x38b CMakeFiles/LAB07.dir/Core/Src/main.c.obj
 .debug_macro   0x00013d96      0x17d CMakeFiles/LAB07.dir/Core/Src/main.c.obj
 .debug_macro   0x00013f13       0xf9 CMakeFiles/LAB07.dir/Core/Src/main.c.obj
 .debug_macro   0x0001400c      0x132 CMakeFiles/LAB07.dir/Core/Src/main.c.obj
 .debug_macro   0x0001413e      0x264 CMakeFiles/LAB07.dir/Core/Src/main.c.obj
 .debug_macro   0x000143a2       0x2e CMakeFiles/LAB07.dir/Core/Src/main.c.obj
 .debug_macro   0x000143d0      0x127 CMakeFiles/LAB07.dir/Core/Src/main.c.obj
 .debug_macro   0x000144f7       0x85 CMakeFiles/LAB07.dir/Core/Src/main.c.obj
 .debug_macro   0x0001457c       0x89 CMakeFiles/LAB07.dir/Core/Src/main.c.obj
 .debug_macro   0x00014605      0x8ed CMakeFiles/LAB07.dir/Core/Src/main.c.obj
 .debug_macro   0x00014ef2       0x47 CMakeFiles/LAB07.dir/Core/Src/main.c.obj
 .debug_macro   0x00014f39      0x126 CMakeFiles/LAB07.dir/Core/Src/main.c.obj
 .debug_macro   0x0001505f       0x1c CMakeFiles/LAB07.dir/Core/Src/main.c.obj
 .debug_macro   0x0001507b      0x205 CMakeFiles/LAB07.dir/Core/Src/stm32f4xx_it.c.obj
 .debug_macro   0x00015280      0x1fb CMakeFiles/LAB07.dir/Core/Src/stm32f4xx_hal_msp.c.obj
 .debug_macro   0x0001547b      0x1ed CMakeFiles/LAB07.dir/Drivers/STM32F4xx_HAL_Driver/Src/stm32f4xx_hal_adc.c.obj
 .debug_macro   0x00015668      0x1ec CMakeFiles/LAB07.dir/Drivers/STM32F4xx_HAL_Driver/Src/stm32f4xx_hal_adc_ex.c.obj
 .debug_macro   0x00015854      0x210 CMakeFiles/LAB07.dir/Drivers/STM32F4xx_HAL_Driver/Src/stm32f4xx_hal_rcc.c.obj
 .debug_macro   0x00015a64      0x1f2 CMakeFiles/LAB07.dir/Drivers/STM32F4xx_HAL_Driver/Src/stm32f4xx_hal_gpio.c.obj
 .debug_macro   0x00015c56      0x1f2 CMakeFiles/LAB07.dir/Drivers/STM32F4xx_HAL_Driver/Src/stm32f4xx_hal_dma.c.obj
 .debug_macro   0x00015e48      0x1ec CMakeFiles/LAB07.dir/Drivers/STM32F4xx_HAL_Driver/Src/stm32f4xx_hal_cortex.c.obj
 .debug_macro   0x00016034      0x24c CMakeFiles/LAB07.dir/Drivers/STM32F4xx_HAL_Driver/Src/stm32f4xx_hal.c.obj
 .debug_macro   0x00016280      0x1ed CMakeFiles/LAB07.dir/Drivers/STM32F4xx_HAL_Driver/Src/stm32f4xx_hal_tim.c.obj
 .debug_macro   0x0001646d      0x1ec CMakeFiles/LAB07.dir/Drivers/STM32F4xx_HAL_Driver/Src/stm32f4xx_hal_tim_ex.c.obj
 .debug_macro   0x00016659      0x1ec CMakeFiles/LAB07.dir/Core/Src/system_stm32f4xx.c.obj

.debug_line     0x00000000     0xd5e8
 .debug_line    0x00000000      0x8f7 CMakeFiles/LAB07.dir/Core/Src/main.c.obj
 .debug_line    0x000008f7      0x89c CMakeFiles/LAB07.dir/Core/Src/stm32f4xx_it.c.obj
 .debug_line    0x00001193      0x83e CMakeFiles/LAB07.dir/Core/Src/stm32f4xx_hal_msp.c.obj
 .debug_line    0x000019d1     0x1247 CMakeFiles/LAB07.dir/Drivers/STM32F4xx_HAL_Driver/Src/stm32f4xx_hal_adc.c.obj
 .debug_line    0x00002c18      0xf7d CMakeFiles/LAB07.dir/Drivers/STM32F4xx_HAL_Driver/Src/stm32f4xx_hal_adc_ex.c.obj
 .debug_line    0x00003b95      0xe08 CMakeFiles/LAB07.dir/Drivers/STM32F4xx_HAL_Driver/Src/stm32f4xx_hal_rcc.c.obj
 .debug_line    0x0000499d      0xbcf CMakeFiles/LAB07.dir/Drivers/STM32F4xx_HAL_Driver/Src/stm32f4xx_hal_gpio.c.obj
 .debug_line    0x0000556c      0xfef CMakeFiles/LAB07.dir/Drivers/STM32F4xx_HAL_Driver/Src/stm32f4xx_hal_dma.c.obj
 .debug_line    0x0000655b      0xd71 CMakeFiles/LAB07.dir/Drivers/STM32F4xx_HAL_Driver/Src/stm32f4xx_hal_cortex.c.obj
 .debug_line    0x000072cc      0xa7f CMakeFiles/LAB07.dir/Drivers/STM32F4xx_HAL_Driver/Src/stm32f4xx_hal.c.obj
 .debug_line    0x00007d4b     0x35fd CMakeFiles/LAB07.dir/Drivers/STM32F4xx_HAL_Driver/Src/stm32f4xx_hal_tim.c.obj
 .debug_line    0x0000b348     0x1a10 CMakeFiles/LAB07.dir/Drivers/STM32F4xx_HAL_Driver/Src/stm32f4xx_hal_tim_ex.c.obj
 .debug_line    0x0000cd58      0x816 CMakeFiles/LAB07.dir/Core/Src/system_stm32f4xx.c.obj
 .debug_line    0x0000d56e       0x7a CMakeFiles/LAB07.dir/startup_stm32f411xe.s.obj

.debug_str      0x00000000    0x94350
 .debug_str     0x00000000    0x915e9 CMakeFiles/LAB07.dir/Core/Src/main.c.obj
                              0x9198f (size before relaxing)
 .debug_str     0x000915e9      0x15e CMakeFiles/LAB07.dir/Core/Src/stm32f4xx_it.c.obj
                              0x911d1 (size before relaxing)
 .debug_str     0x00091747       0xfd CMakeFiles/LAB07.dir/Core/Src/stm32f4xx_hal_msp.c.obj
                              0x91702 (size before relaxing)
 .debug_str     0x00091844      0x31a CMakeFiles/LAB07.dir/Drivers/STM32F4xx_HAL_Driver/Src/stm32f4xx_hal_adc.c.obj
                              0x91138 (size before relaxing)
 .debug_str     0x00091b5e      0x313 CMakeFiles/LAB07.dir/Drivers/STM32F4xx_HAL_Driver/Src/stm32f4xx_hal_adc_ex.c.obj
                              0x9118c (size before relaxing)
 .debug_str     0x00091e71      0x2cf CMakeFiles/LAB07.dir/Drivers/STM32F4xx_HAL_Driver/Src/stm32f4xx_hal_rcc.c.obj
                              0x90f91 (size before relaxing)
 .debug_str     0x00092140      0x155 CMakeFiles/LAB07.dir/Drivers/STM32F4xx_HAL_Driver/Src/stm32f4xx_hal_gpio.c.obj
                              0x90cd8 (size before relaxing)
 .debug_str     0x00092295      0x309 CMakeFiles/LAB07.dir/Drivers/STM32F4xx_HAL_Driver/Src/stm32f4xx_hal_dma.c.obj
                              0x90f65 (size before relaxing)
 .debug_str     0x0009259e      0x440 CMakeFiles/LAB07.dir/Drivers/STM32F4xx_HAL_Driver/Src/stm32f4xx_hal_cortex.c.obj
                              0x912f3 (size before relaxing)
 .debug_str     0x000929de      0x5b2 CMakeFiles/LAB07.dir/Drivers/STM32F4xx_HAL_Driver/Src/stm32f4xx_hal.c.obj
                              0x91589 (size before relaxing)
 .debug_str     0x00092f90      0xe12 CMakeFiles/LAB07.dir/Drivers/STM32F4xx_HAL_Driver/Src/stm32f4xx_hal_tim.c.obj
                              0x91ed5 (size before relaxing)
 .debug_str     0x00093da2      0x4c7 CMakeFiles/LAB07.dir/Drivers/STM32F4xx_HAL_Driver/Src/stm32f4xx_hal_tim_ex.c.obj
                              0x916e1 (size before relaxing)
 .debug_str     0x00094269       0x7e CMakeFiles/LAB07.dir/Core/Src/system_stm32f4xx.c.obj
                              0x90b5d (size before relaxing)
 .debug_str     0x000942e7       0x69 CMakeFiles/LAB07.dir/startup_stm32f411xe.s.obj
                                 0xac (size before relaxing)

.comment        0x00000000       0x43
 .comment       0x00000000       0x43 CMakeFiles/LAB07.dir/Core/Src/main.c.obj
                                 0x44 (size before relaxing)
 .comment       0x00000043       0x44 CMakeFiles/LAB07.dir/Core/Src/stm32f4xx_it.c.obj
 .comment       0x00000043       0x44 CMakeFiles/LAB07.dir/Core/Src/stm32f4xx_hal_msp.c.obj
 .comment       0x00000043       0x44 CMakeFiles/LAB07.dir/Drivers/STM32F4xx_HAL_Driver/Src/stm32f4xx_hal_adc.c.obj
 .comment       0x00000043       0x44 CMakeFiles/LAB07.dir/Drivers/STM32F4xx_HAL_Driver/Src/stm32f4xx_hal_adc_ex.c.obj
 .comment       0x00000043       0x44 CMakeFiles/LAB07.dir/Drivers/STM32F4xx_HAL_Driver/Src/stm32f4xx_hal_rcc.c.obj
 .comment       0x00000043       0x44 CMakeFiles/LAB07.dir/Drivers/STM32F4xx_HAL_Driver/Src/stm32f4xx_hal_gpio.c.obj
 .comment       0x00000043       0x44 CMakeFiles/LAB07.dir/Drivers/STM32F4xx_HAL_Driver/Src/stm32f4xx_hal_dma.c.obj
 .comment       0x00000043       0x44 CMakeFiles/LAB07.dir/Drivers/STM32F4xx_HAL_Driver/Src/stm32f4xx_hal_cortex.c.obj
 .comment       0x00000043       0x44 CMakeFiles/LAB07.dir/Drivers/STM32F4xx_HAL_Driver/Src/stm32f4xx_hal.c.obj
 .comment       0x00000043       0x44 CMakeFiles/LAB07.dir/Drivers/STM32F4xx_HAL_Driver/Src/stm32f4xx_hal_tim.c.obj
 .comment       0x00000043       0x44 CMakeFiles/LAB07.dir/Drivers/STM32F4xx_HAL_Driver/Src/stm32f4xx_hal_tim_ex.c.obj
 .comment       0x00000043       0x44 CMakeFiles/LAB07.dir/Core/Src/system_stm32f4xx.c.obj

.debug_line_str
                0x00000000       0x90
 .debug_line_str
                0x00000000       0x90 CMakeFiles/LAB07.dir/startup_stm32f411xe.s.obj
